INFO  Using log config file: jar:file:/C:/Users/cnoji/dev/fgf-watcher/keyrecovery/tools/ghidra_12.1.3_PUBLIC/Ghidra/Framework/Generic/lib/Generic.jar!/generic.log4j.xml (LoggingInitialization)  
INFO  Using log file: C:\Users\cnoji\AppData\Roaming\ghidra\ghidra_12.1.3_PUBLIC\application.log (LoggingInitialization)  
INFO  Loading user preferences: C:\Users\cnoji\AppData\Roaming\ghidra\ghidra_12.1.3_PUBLIC\preferences (Preferences)  
INFO  Searching for classes... (ClassSearcher)  
INFO  Class search complete (532 ms) (ClassSearcher)  
INFO  Initializing SSL Context (DefaultSSLContextInitializer)  
INFO  Initializing Random Number Generator... (SecureRandomFactory)  
INFO  Random Number Generator initialization complete: SHA1PRNG (SecureRandomFactory)  
INFO  Trust manager disabled, cacerts have not been set (DefaultTrustManagerFactory)  
INFO  Headless startup complete (1599 ms) (AnalyzeHeadless)  
INFO  Class searcher loaded 59 extension points (20 false positives) (ClassSearcher)  
INFO  HEADLESS Script Paths:
    C:\Users\cnoji\dev\fgf-watcher\keyrecovery\tools\ghidra_12.1.3_PUBLIC\Ghidra\Debug\Debugger\ghidra_scripts
    C:\Users\cnoji\dev\fgf-watcher\keyrecovery\tools\ghidra_12.1.3_PUBLIC\Ghidra\Processors\DATA\ghidra_scripts
    C:\Users\cnoji\dev\fgf-watcher\keyrecovery\tools\ghidra_12.1.3_PUBLIC\Ghidra\Features\MicrosoftCodeAnalyzer\ghidra_scripts
    C:\Users\cnoji\dev\fgf-watcher\keyrecovery\ghidra_scripts
    C:\Users\cnoji\dev\fgf-watcher\keyrecovery\tools\ghidra_12.1.3_PUBLIC\Ghidra\Features\BSim\ghidra_scripts
    C:\Users\cnoji\dev\fgf-watcher\keyrecovery\tools\ghidra_12.1.3_PUBLIC\Ghidra\Features\PyGhidra\ghidra_scripts
    C:\Users\cnoji\dev\fgf-watcher\keyrecovery\tools\ghidra_12.1.3_PUBLIC\Ghidra\Features\Decompiler\ghidra_scripts
    C:\Users\cnoji\dev\fgf-watcher\keyrecovery\tools\ghidra_12.1.3_PUBLIC\Ghidra\Features\DecompilerDependent\ghidra_scripts
    C:\Users\cnoji\dev\fgf-watcher\keyrecovery\tools\ghidra_12.1.3_PUBLIC\Ghidra\Features\SwiftDemangler\ghidra_scripts
    C:\Users\cnoji\dev\fgf-watcher\keyrecovery\tools\ghidra_12.1.3_PUBLIC\Ghidra\Features\SystemEmulation\ghidra_scripts
    C:\Users\cnoji\dev\fgf-watcher\keyrecovery\tools\ghidra_12.1.3_PUBLIC\Ghidra\Features\BytePatterns\ghidra_scripts
    C:\Users\cnoji\dev\fgf-watcher\keyrecovery\tools\ghidra_12.1.3_PUBLIC\Ghidra\Processors\Atmel\ghidra_scripts
    C:\Users\cnoji\dev\fgf-watcher\keyrecovery\tools\ghidra_12.1.3_PUBLIC\Ghidra\Debug\Debugger-rmi-trace\ghidra_scripts
    C:\Users\cnoji\dev\fgf-watcher\keyrecovery\tools\ghidra_12.1.3_PUBLIC\Ghidra\Features\FunctionID\ghidra_scripts
    C:\Users\cnoji\dev\fgf-watcher\keyrecovery\tools\ghidra_12.1.3_PUBLIC\Ghidra\Processors\8051\ghidra_scripts
    C:\Users\cnoji\dev\fgf-watcher\keyrecovery\tools\ghidra_12.1.3_PUBLIC\Ghidra\Features\GnuDemangler\ghidra_scripts
    C:\Users\cnoji\dev\fgf-watcher\keyrecovery\tools\ghidra_12.1.3_PUBLIC\Ghidra\Features\VersionTracking\ghidra_scripts
    C:\Users\cnoji\dev\fgf-watcher\keyrecovery\tools\ghidra_12.1.3_PUBLIC\Ghidra\Processors\JVM\ghidra_scripts
    C:\Users\cnoji\dev\fgf-watcher\keyrecovery\tools\ghidra_12.1.3_PUBLIC\Ghidra\Processors\PIC\ghidra_scripts
    C:\Users\cnoji\dev\fgf-watcher\keyrecovery\tools\ghidra_12.1.3_PUBLIC\Ghidra\Features\PDB\ghidra_scripts
    C:\Users\cnoji\dev\fgf-watcher\keyrecovery\tools\ghidra_12.1.3_PUBLIC\Ghidra\Features\Base\ghidra_scripts
    C:\Users\cnoji\dev\fgf-watcher\keyrecovery\tools\ghidra_12.1.3_PUBLIC\Ghidra\Features\FileFormats\ghidra_scripts
    C:\Users\cnoji\dev\fgf-watcher\keyrecovery\tools\ghidra_12.1.3_PUBLIC\Ghidra\Features\WildcardAssembler\ghidra_scripts (HeadlessAnalyzer)  
INFO  HEADLESS: execution starts (HeadlessAnalyzer)  
INFO  Opening existing project: c:\Users\cnoji\dev\fgf-watcher\keyrecovery\ghidra_project\xlua_analysis (HeadlessAnalyzer)  
INFO  Opening project: c:\Users\cnoji\dev\fgf-watcher\keyrecovery\ghidra_project\xlua_analysis (HeadlessProject)  
INFO  REPORT: Processing project file: /xlua.dll (HeadlessAnalyzer)  
INFO  REPORT: Execute script: DecompileBddFmt.java  (HeadlessAnalyzer)  
INFO  SCRIPT: C:\Users\cnoji\dev\fgf-watcher\keyrecovery\ghidra_scripts\DecompileBddFmt.java (HeadlessAnalyzer)  
INFO  DecompileBddFmt.java> 

===== FMT FUN_18007df50 @ 18007df50 ===== (GhidraScript)  
INFO  DecompileBddFmt.java> 
/* WARNING: Function: __security_check_cookie replaced with injection: security_check_cookie */

undefined4 FUN_18007df50(longlong *param_1,longlong param_2,uint param_3)

{
  longlong lVar1;
  undefined8 *puVar2;
  void *pvVar3;
  double dVar4;
  undefined8 uVar5;
  undefined4 uVar6;
  int iVar7;
  undefined8 uVar8;
  undefined4 *puVar9;
  void *_Memory;
  undefined1 *puVar10;
  ulonglong uVar11;
  uint uVar12;
  longlong lVar13;
  longlong *plVar14;
  uint uVar15;
  undefined1 auStack_108 [32];
  undefined1 **local_e8;
  undefined1 *local_e0;
  undefined1 local_d8 [4];
  uint local_d4;
  int local_d0;
  uint local_cc;
  undefined4 local_c8;
  undefined4 local_c4;
  uint local_c0;
  longlong local_b8;
  longlong *local_b0;
  undefined1 *local_a8;
  longlong *local_a0;
  undefined1 local_98;
  undefined8 local_90;
  undefined1 local_88;
  undefined7 uStack_87;
  undefined8 local_78;
  ulonglong local_70;
  ulonglong local_68;
  
  local_90 = 0xfffffffffffffffe;
  local_68 = DAT_18045bc88 ^ (ulonglong)auStack_108;
  local_d4 = 0;
  uVar6 = 0xffffffff;
  if (*param_1 == 0) {
    if (param_2 == 0) {
      uVar6 = 0xfffffffd;
    }
    else {
      *param_1 = param_2;
      param_1[1] = (ulonglong)param_3;
      *(undefined4 *)(param_1 + 0x2e) = *(undefined4 *)((ulonglong)(param_3 - 4) + *DAT_180482528);
      uVar8 = DAT_180482520;
      uVar5 = DAT_180482518;
      FUN_18007fdb0(DAT_180482520,"__BDD_str2addr");
      iVar7 = lua_type(uVar5,0xffffffff);
      if (iVar7 == 5) {
        local_c8 = lua_gettop(uVar5);
        FUN_18007fdb0(uVar8,"__BDD_addr2str");
        iVar7 = lua_type(uVar5,0xffffffff);
        if (iVar7 == 5) {
          local_c4 = lua_gettop(uVar5);
          dVar4 = DAT_1803371d0;
          uVar15 = *(uint *)((ulonglong)(param_3 - 0x40) + *DAT_180482528);
          local_c0 = *(uint *)((ulonglong)(param_3 - 0x3c) + *DAT_180482528);
          plVar14 = DAT_180482528;
          if (uVar15 <= local_c0) {
            do {
              lVar13 = *plVar14;
              iVar7 = *(int *)((ulonglong)(uVar15 + 9) + lVar13);
              uVar12 = *(int *)((ulonglong)(uVar15 + 5) + lVar13) - iVar7;
              local_d0 = uVar15 + 0xd +
                         (uint)(byte)(&DAT_180454478)[*(byte *)((ulonglong)(uVar15 + 4) + lVar13)] *
                         iVar7;
              uVar15 = 0;
              local_cc = uVar12;
              if (uVar12 != 0) {
                do {
                  uVar11 = (ulonglong)*(uint *)((ulonglong)(local_d0 + uVar15 * 4) + *plVar14);
                  local_78 = 0;
                  local_70 = 0xf;
                  local_88 = 0;
                  lVar13 = -1;
                  do {
                    lVar13 = lVar13 + 1;
                  } while (*(char *)(*plVar14 + uVar11 + lVar13) != '\0');
                  FUN_180050c80(&local_88);
                  local_d4 = local_d4 | 1;
                  lVar13 = *param_1 + uVar11;
                  local_b8 = lVar13;
                  FUN_180052d50(param_1 + 0x26,&local_b0,&local_88);
                  if (local_b0 == (longlong *)param_1[0x27]) {
                    local_a8 = &local_88;
                    lVar1 = *(longlong *)param_1[0x27];
                    puVar2 = *(undefined8 **)(lVar1 + 8);
                    local_e0 = local_d8;
                    local_e8 = &local_a8;
                    uVar8 = FUN_180058cf0(param_1 + 0x27,lVar1,puVar2,&DAT_18033c84a);
                    if (param_1[0x28] == 0x492492492492491) {
                    /* WARNING: Subroutine does not return */
                      std::_Xlength_error("list<T> too long");
                    }
                    param_1[0x28] = param_1[0x28] + 1;
                    *(undefined8 *)(lVar1 + 8) = uVar8;
                    *puVar2 = uVar8;
                    FUN_180049430(param_1 + 0x26,&local_a0,*(longlong *)param_1[0x27] + 0x10);
                    uVar12 = local_cc;
                  }
                  else {
                    local_a0 = local_b0;
                    local_98 = 0;
                  }
                  local_a0[6] = lVar13;
                  plVar14 = (longlong *)param_1[0x8031];
                  lVar13 = (longlong)plVar14 - param_1[0x8030] >> 3;
                  if ((longlong *)param_1[0x8032] == plVar14) {
                    FUN_18006fb50(param_1 + 0x8030,plVar14,&local_b8);
                  }
                  else {
                    *plVar14 = local_b8;
                    param_1[0x8031] = param_1[0x8031] + 8;
                  }
                  puVar9 = (undefined4 *)FUN_18007bed0(param_1 + 0x8033,&local_b8);
                  *puVar9 = (int)lVar13;
                  puVar10 = &local_88;
                  if (0xf < local_70) {
                    puVar10 = (undefined1 *)CONCAT71(uStack_87,local_88);
                  }
                  lua_pushlstring(uVar5,puVar10,local_78);
                  uVar6 = SUB84((double)lVar13,0);
                  if (lVar13 < 0) {
                    uVar6 = SUB84((double)lVar13 + dVar4,0);
                  }
                  lua_pushnumber(uVar5,uVar6);
                  lua_settable(uVar5,local_c8);
                  lua_pushnumber(uVar5,uVar6);
                  puVar10 = &local_88;
                  if (0xf < local_70) {
                    puVar10 = (undefined1 *)CONCAT71(uStack_87,local_88);
                  }
                  lua_pushlstring(uVar5,puVar10,local_78);
                  lua_settable(uVar5,local_c4);
                  if (0xf < local_70) {
                    pvVar3 = (void *)CONCAT71(uStack_87,local_88);
                    _Memory = pvVar3;
                    if ((0xfff < local_70 + 1) &&
                       (_Memory = *(void **)((longlong)pvVar3 + -8),
                       0x1f < (ulonglong)((longlong)pvVar3 + (-8 - (longlong)_Memory)))) {
                    /* WARNING: Subroutine does not return */
                      _invalid_parameter_noinfo_noreturn();
                    }
                    free(_Memory);
                  }
                  uVar15 = uVar15 + 1;
                  plVar14 = DAT_180482528;
                } while (uVar15 < uVar12);
              }
              uVar15 = local_d0 + uVar12 * 4;
            } while (uVar15 <= local_c0);
          }
          uVar6 = 0;
        }
      }
    }
  }
  else {
    uVar6 = 0xfffffffe;
  }
  return uVar6;
}

 (GhidraScript)  
INFO  DecompileBddFmt.java> 

===== CALLEE lua_settable @ 180004440 ===== (GhidraScript)  
INFO  DecompileBddFmt.java> 
void lua_settable(longlong param_1)

{
  undefined8 uVar1;
  
                    /* 0x4440  154  lua_settable */
  uVar1 = FUN_1800030a0();
  FUN_180015560(param_1,uVar1,*(longlong *)(param_1 + 0x10) + -0x20,
                *(longlong *)(param_1 + 0x10) + -0x10);
  *(longlong *)(param_1 + 0x10) = *(longlong *)(param_1 + 0x10) + -0x20;
  return;
}

 (GhidraScript)  
INFO  DecompileBddFmt.java> 

===== CALLEE FUN_180052d50 @ 180052d50 ===== (GhidraScript)  
INFO  DecompileBddFmt.java> 
longlong * FUN_180052d50(longlong param_1,longlong *param_2,undefined8 *param_3)

{
  byte *pbVar1;
  ulonglong _Size;
  longlong lVar2;
  size_t _Size_00;
  int iVar3;
  undefined8 *puVar4;
  longlong lVar5;
  undefined8 *_Buf2;
  undefined8 *puVar6;
  undefined8 *puVar7;
  ulonglong uVar8;
  ulonglong uVar9;
  undefined8 *puVar10;
  ulonglong uVar11;
  
  uVar11 = param_3[3];
  _Size = param_3[2];
  puVar10 = param_3;
  if (0xf < uVar11) {
    puVar10 = (undefined8 *)*param_3;
  }
  uVar8 = 0;
  uVar9 = 0xcbf29ce484222325;
  if (_Size != 0) {
    do {
      pbVar1 = (byte *)(uVar8 + (longlong)puVar10);
      uVar8 = uVar8 + 1;
      uVar9 = (uVar9 ^ *pbVar1) * 0x100000001b3;
    } while (uVar8 < _Size);
  }
  lVar2 = *(longlong *)(param_1 + 0x18);
  puVar10 = *(undefined8 **)(param_1 + 8);
  lVar5 = (*(ulonglong *)(param_1 + 0x30) & uVar9) * 0x10;
  puVar6 = *(undefined8 **)(lVar5 + lVar2);
  puVar7 = puVar6;
  while( true ) {
    puVar4 = puVar10;
    if (puVar6 != puVar10) {
      puVar4 = (undefined8 *)**(undefined8 **)(lVar2 + 8 + lVar5);
    }
    if (puVar7 == puVar4) break;
    puVar4 = puVar7 + 2;
    _Buf2 = param_3;
    if (0xf < uVar11) {
      _Buf2 = (undefined8 *)*param_3;
    }
    uVar8 = puVar7[5];
    _Size_00 = puVar7[4];
    if (0xf < uVar8) {
      puVar4 = (undefined8 *)*puVar4;
    }
    if (_Size_00 == _Size) {
      iVar3 = memcmp(puVar4,_Buf2,_Size_00);
      if (iVar3 == 0) {
        puVar6 = puVar7 + 2;
        if (0xf < uVar8) {
          puVar6 = (undefined8 *)*puVar6;
        }
        if (0xf < (ulonglong)param_3[3]) {
          param_3 = (undefined8 *)*param_3;
        }
        if ((_Size != _Size_00) || (iVar3 = memcmp(param_3,puVar6,_Size), iVar3 != 0)) {
          puVar7 = puVar10;
        }
        *param_2 = (longlong)puVar7;
        return param_2;
      }
      uVar11 = param_3[3];
    }
    puVar7 = (undefined8 *)*puVar7;
  }
  *param_2 = (longlong)puVar10;
  return param_2;
}

 (GhidraScript)  
INFO  DecompileBddFmt.java> 

===== CALLEE FUN_18007bed0 @ 18007bed0 ===== (GhidraScript)  
INFO  DecompileBddFmt.java> 
longlong * FUN_18007bed0(longlong param_1,undefined8 param_2)

{
  longlong lVar1;
  undefined8 *puVar2;
  undefined8 uVar3;
  longlong *local_res8;
  undefined8 local_res18 [2];
  longlong *local_28 [2];
  
  FUN_180079dc0(param_1,&local_res8,param_2);
  if (local_res8 == *(longlong **)(param_1 + 8)) {
    lVar1 = **(longlong **)(param_1 + 8);
    puVar2 = *(undefined8 **)(lVar1 + 8);
    local_res18[0] = param_2;
    uVar3 = FUN_180048320(param_1 + 8,lVar1,puVar2,&DAT_18033c84a,local_res18,&local_res8);
    if (*(longlong *)(param_1 + 0x10) == 0x7fffffffffffffe) {
                    /* WARNING: Subroutine does not return */
      std::_Xlength_error("list<T> too long");
    }
    *(longlong *)(param_1 + 0x10) = *(longlong *)(param_1 + 0x10) + 1;
    *(undefined8 *)(lVar1 + 8) = uVar3;
    *puVar2 = uVar3;
    FUN_180049690(param_1,local_28,**(longlong **)(param_1 + 8) + 0x10);
    local_res8 = local_28[0];
  }
  return local_res8 + 3;
}

 (GhidraScript)  
INFO  DecompileBddFmt.java> 

===== CALLEE free @ 1803219ac ===== (GhidraScript)  
INFO  DecompileBddFmt.java> 
void __cdecl free(void *_Memory)

{
                    /* WARNING: Could not recover jumptable at 0x000180322f88. Too many branches */
                    /* WARNING: Treating indirect jump as call */
  free(_Memory);
  return;
}

 (GhidraScript)  
INFO  DecompileBddFmt.java> 

===== CALLEE FUN_180049430 @ 180049430 ===== (GhidraScript)  
INFO  DecompileBddFmt.java> 
longlong * FUN_180049430(float *param_1,longlong *param_2,undefined8 *param_3,longlong *param_4)

{
  longlong lVar1;
  longlong lVar2;
  longlong *plVar3;
  int iVar4;
  ulonglong uVar5;
  undefined8 *_Buf1;
  ulonglong uVar6;
  undefined8 *puVar7;
  ulonglong uVar8;
  longlong lVar9;
  ulonglong uVar10;
  float fVar11;
  float fVar12;
  undefined8 uVar13;
  undefined1 local_50 [24];
  
  uVar13 = 0xfffffffffffffffe;
  uVar8 = param_3[2];
  uVar10 = param_3[3];
  puVar7 = param_3;
  if (0xf < uVar10) {
    puVar7 = (undefined8 *)*param_3;
  }
  uVar6 = 0xcbf29ce484222325;
  uVar5 = 0;
  if (uVar8 != 0) {
    do {
      uVar6 = (uVar6 ^ *(byte *)(uVar5 + (longlong)puVar7)) * 0x100000001b3;
      uVar5 = uVar5 + 1;
    } while (uVar5 < uVar8);
  }
  uVar6 = *(ulonglong *)(param_1 + 0xc) & uVar6;
  lVar1 = *(longlong *)(param_1 + 6);
  lVar9 = *(longlong *)(param_1 + 2);
  if (lVar9 == *(longlong *)(lVar1 + uVar6 * 0x10)) {
LAB_18004953c:
    lVar1 = *param_4;
    if (lVar9 != lVar1) {
      *(longlong *)param_4[1] = lVar1;
      **(longlong **)(lVar1 + 8) = lVar9;
      **(undefined8 **)(lVar9 + 8) = param_4;
      lVar2 = *(longlong *)(lVar9 + 8);
      *(undefined8 *)(lVar9 + 8) = *(undefined8 *)(lVar1 + 8);
      *(longlong *)(lVar1 + 8) = param_4[1];
      param_4[1] = lVar2;
    }
    lVar1 = *(longlong *)(param_1 + 6);
    lVar2 = *(longlong *)(lVar1 + uVar6 * 0x10);
    if (lVar2 == *(longlong *)(param_1 + 2)) {
      *(longlong **)(lVar1 + uVar6 * 0x10) = param_4;
      *(longlong **)(*(longlong *)(param_1 + 6) + 8 + uVar6 * 0x10) = param_4;
    }
    else if (lVar2 == lVar9) {
      *(longlong **)(lVar1 + uVar6 * 0x10) = param_4;
    }
    else {
      plVar3 = (longlong *)**(undefined8 **)(lVar1 + 8 + uVar6 * 0x10);
      *(longlong **)(lVar1 + 8 + uVar6 * 0x10) = plVar3;
      if (plVar3 != param_4) {
        *(undefined8 *)(*(longlong *)(param_1 + 6) + 8 + uVar6 * 0x10) =
             *(undefined8 *)(*(longlong *)(*(longlong *)(param_1 + 6) + 8 + uVar6 * 0x10) + 8);
      }
    }
    uVar8 = *(ulonglong *)(param_1 + 0xe);
    fVar11 = (float)*(longlong *)(param_1 + 4);
    if (*(longlong *)(param_1 + 4) < 0) {
      fVar11 = fVar11 + DAT_18033da74;
    }
    fVar12 = (float)(longlong)uVar8;
    if ((longlong)uVar8 < 0) {
      fVar12 = fVar12 + DAT_18033da74;
    }
    if (*param_1 <= fVar11 / fVar12 && fVar11 / fVar12 != *param_1) {
      if (uVar8 < 0x200) {
        uVar8 = uVar8 * 8;
      }
      else if (uVar8 < 0xfffffffffffffff) {
        uVar8 = uVar8 * 2;
      }
      FUN_1800501a0(param_1,uVar8,fVar12,uVar10,uVar13);
      plVar3 = *(longlong **)(param_1 + 2);
      if ((longlong *)*plVar3 != plVar3) {
        lVar1 = plVar3[1];
        do {
          lVar9 = **(longlong **)(param_1 + 2);
          FUN_180049430(param_1,local_50,lVar9 + 0x10,lVar9);
        } while (lVar9 != lVar1);
      }
    }
    *param_2 = (longlong)param_4;
    *(undefined1 *)(param_2 + 1) = 1;
  }
  else {
    lVar9 = **(longlong **)(lVar1 + 8 + uVar6 * 0x10);
    do {
      do {
        if (lVar9 == *(longlong *)(lVar1 + uVar6 * 0x10)) goto LAB_18004953c;
        lVar9 = *(longlong *)(lVar9 + 8);
        puVar7 = (undefined8 *)(lVar9 + 0x10);
        if (0xf < *(ulonglong *)(lVar9 + 0x28)) {
          puVar7 = (undefined8 *)*puVar7;
        }
        _Buf1 = param_3;
        if (0xf < uVar10) {
          _Buf1 = (undefined8 *)*param_3;
        }
      } while (uVar8 != *(ulonglong *)(lVar9 + 0x20));
      iVar4 = memcmp(_Buf1,puVar7,uVar8);
      uVar10 = param_3[3];
    } while (iVar4 != 0);
    *(longlong *)param_4[1] = *param_4;
    *(longlong *)(*param_4 + 8) = param_4[1];
    *(longlong *)(param_1 + 4) = *(longlong *)(param_1 + 4) + -1;
    FUN_18004fe70(param_1 + 2,param_4);
    *param_2 = lVar9;
    *(undefined1 *)(param_2 + 1) = 0;
  }
  return param_2;
}

 (GhidraScript)  
INFO  DecompileBddFmt.java> 

===== CALLEE lua_pushnumber @ 180003e30 ===== (GhidraScript)  
INFO  DecompileBddFmt.java> 
void lua_pushnumber(longlong param_1,undefined8 param_2)

{
  undefined8 *puVar1;
  
                    /* 0x3e30  132  lua_pushnumber */
  puVar1 = *(undefined8 **)(param_1 + 0x10);
  *puVar1 = param_2;
  *(undefined4 *)(puVar1 + 1) = 3;
  *(longlong *)(param_1 + 0x10) = *(longlong *)(param_1 + 0x10) + 0x10;
  return;
}

 (GhidraScript)  
INFO  DecompileBddFmt.java> 

===== CALLEE FUN_180058cf0 @ 180058cf0 ===== (GhidraScript)  
INFO  DecompileBddFmt.java> 
longlong FUN_180058cf0(void)

{
  longlong lVar1;
  undefined8 *in_stack_00000028;
  
  lVar1 = FUN_18004f690();
  FUN_18004db70(lVar1 + 0x10,*in_stack_00000028);
  *(undefined8 *)(lVar1 + 0x30) = 0;
  return lVar1;
}

 (GhidraScript)  
INFO  DecompileBddFmt.java> 

===== CALLEE FUN_18007fdb0 @ 18007fdb0 ===== (GhidraScript)  
INFO  DecompileBddFmt.java> 
undefined1 FUN_18007fdb0(undefined8 *param_1,undefined8 param_2)

{
  lua_getfield(*param_1,0xffffd8ee,param_2);
  return 1;
}

 (GhidraScript)  
INFO  DecompileBddFmt.java> 

===== CALLEE FUN_18006fb50 @ 18006fb50 ===== (GhidraScript)  
INFO  DecompileBddFmt.java> 
longlong FUN_18006fb50(longlong *param_1,void *param_2,undefined8 *param_3)

{
  ulonglong uVar1;
  longlong lVar2;
  longlong lVar3;
  ulonglong uVar4;
  ulonglong uVar5;
  ulonglong uVar6;
  void *pvVar7;
  void *pvVar8;
  void *_Dst;
  size_t _Size;
  undefined1 local_res10 [16];
  void *local_res20;
  
  lVar2 = *param_1;
  lVar3 = param_1[1] - lVar2 >> 3;
  if (lVar3 == 0x1fffffffffffffff) {
                    /* WARNING: Subroutine does not return */
    FUN_1800509d0();
  }
  uVar1 = lVar3 + 1;
  uVar5 = param_1[2] - lVar2 >> 3;
  uVar4 = uVar1;
  if ((uVar5 <= 0x1fffffffffffffff - (uVar5 >> 1)) && (uVar4 = (uVar5 >> 1) + uVar5, uVar4 < uVar1))
  {
    uVar4 = uVar1;
  }
  uVar5 = uVar4 * 8;
  if (uVar4 < 0x2000000000000000) {
    uVar4 = uVar5;
    if (uVar5 < 0x1000) {
      if (uVar5 == 0) {
        _Dst = (void *)0x0;
      }
      else {
        _Dst = (void *)FUN_180321970();
      }
      goto LAB_18006fc42;
    }
  }
  else {
    uVar4 = 0xffffffffffffffff;
  }
  uVar6 = uVar4 + 0x27;
  if (uVar6 <= uVar4) {
    uVar6 = 0xffffffffffffffff;
  }
  lVar3 = FUN_180321970(uVar6);
  if (lVar3 == 0) {
                    /* WARNING: Subroutine does not return */
    _invalid_parameter_noinfo_noreturn();
  }
  _Dst = (void *)(lVar3 + 0x27U & 0xffffffffffffffe0);
  *(longlong *)((longlong)_Dst - 8) = lVar3;
LAB_18006fc42:
  lVar2 = ((longlong)param_2 - lVar2 >> 3) * 8;
  *(undefined8 *)((longlong)_Dst + lVar2) = *param_3;
  pvVar7 = (void *)param_1[1];
  local_res20 = _Dst;
  FUN_18004c360(local_res10,local_res10,local_res10);
  pvVar8 = (void *)*param_1;
  if (param_2 == pvVar7) {
    _Size = (longlong)pvVar7 - (longlong)pvVar8;
    pvVar7 = _Dst;
    param_2 = pvVar8;
  }
  else {
    memmove(_Dst,pvVar8,(longlong)param_2 - *param_1);
    lVar3 = param_1[1];
    FUN_18004c360(local_res10,local_res10,local_res10);
    _Size = lVar3 - (longlong)param_2;
    pvVar7 = (void *)(lVar2 + 8 + (longlong)_Dst);
  }
  memmove(pvVar7,param_2,_Size);
  pvVar7 = (void *)*param_1;
  if (pvVar7 != (void *)0x0) {
    pvVar8 = pvVar7;
    if ((0xfff < (param_1[2] - (longlong)pvVar7 & 0xfffffffffffffff8U)) &&
       (pvVar8 = *(void **)((longlong)pvVar7 + -8),
       0x1f < (ulonglong)((longlong)pvVar7 + (-8 - (longlong)pvVar8)))) {
                    /* WARNING: Subroutine does not return */
      _invalid_parameter_noinfo_noreturn();
    }
    free(pvVar8);
  }
  *param_1 = (longlong)_Dst;
  param_1[1] = (longlong)((longlong)_Dst + uVar1 * 8);
  param_1[2] = (longlong)(uVar5 + (longlong)_Dst);
  return *param_1 + lVar2;
}

 (GhidraScript)  
INFO  DecompileBddFmt.java> 

===== CALLEE _Xlength_error @ 180322c4c ===== (GhidraScript)  
INFO  DecompileBddFmt.java> 
void __cdecl std::_Xlength_error(char *param_1)

{
                    /* WARNING: Could not recover jumptable at 0x000180322c4c. Too many branches */
                    /* WARNING: Subroutine does not return */
                    /* WARNING: Treating indirect jump as call */
  _Xlength_error(param_1);
  return;
}

 (GhidraScript)  
INFO  DecompileBddFmt.java> 

===== CALLEE lua_gettop @ 1800037c0 ===== (GhidraScript)  
INFO  DecompileBddFmt.java> 
longlong lua_gettop(longlong param_1)

{
                    /* 0x37c0  104  lua_gettop */
  return *(longlong *)(param_1 + 0x10) - *(longlong *)(param_1 + 0x18) >> 4;
}

 (GhidraScript)  
INFO  DecompileBddFmt.java> 

===== CALLEE lua_pushlstring @ 180003da0 ===== (GhidraScript)  
INFO  DecompileBddFmt.java> 
void lua_pushlstring(longlong param_1,undefined8 param_2,undefined8 param_3)

{
  undefined8 *puVar1;
  undefined8 uVar2;
  
                    /* 0x3da0  130  lua_pushlstring */
  if (*(ulonglong *)(*(longlong *)(param_1 + 0x20) + 0x70) <=
      *(ulonglong *)(*(longlong *)(param_1 + 0x20) + 0x78)) {
    FUN_18000a780();
  }
  puVar1 = *(undefined8 **)(param_1 + 0x10);
  uVar2 = FUN_180010e90(param_1,param_2,param_3);
  *puVar1 = uVar2;
  *(undefined4 *)(puVar1 + 1) = 4;
  *(longlong *)(param_1 + 0x10) = *(longlong *)(param_1 + 0x10) + 0x10;
  return;
}

 (GhidraScript)  
INFO  DecompileBddFmt.java> 

===== CALLEE lua_type @ 180004800 ===== (GhidraScript)  
INFO  DecompileBddFmt.java> 
undefined4 lua_type(void)

{
  undefined *puVar1;
  
                    /* 0x4800  168  lua_type */
  puVar1 = (undefined *)FUN_1800030a0();
  if (puVar1 == &DAT_180336750) {
    return 0xffffffff;
  }
  return *(undefined4 *)(puVar1 + 8);
}

 (GhidraScript)  
INFO  DecompileBddFmt.java> 

===== CALLEE FUN_180050c80 @ 180050c80 ===== (GhidraScript)  
INFO  DecompileBddFmt.java> 
longlong * FUN_180050c80(longlong *param_1,void *param_2,size_t param_3)

{
  ulonglong uVar1;
  void *pvVar2;
  longlong lVar3;
  ulonglong uVar4;
  ulonglong uVar5;
  void *_Memory;
  longlong *_Dst;
  ulonglong uVar6;
  void *_Dst_00;
  
  uVar1 = param_1[3];
  if (uVar1 < param_3) {
    if (0x7fffffffffffffff < param_3) {
                    /* WARNING: Subroutine does not return */
      FUN_180050990();
    }
    uVar4 = param_3 | 0xf;
    uVar6 = 0x7fffffffffffffff;
    if (((uVar4 < 0x8000000000000000) && (uVar1 <= 0x7fffffffffffffff - (uVar1 >> 1))) &&
       (uVar5 = (uVar1 >> 1) + uVar1, uVar6 = uVar4, uVar4 < uVar5)) {
      uVar6 = uVar5;
    }
    uVar4 = uVar6 + 1;
    if (uVar4 < 0x1000) {
      if (uVar4 == 0) {
        _Dst_00 = (void *)0x0;
      }
      else {
        _Dst_00 = (void *)FUN_180321970(uVar4);
      }
    }
    else {
      uVar5 = uVar6 + 0x28;
      if (uVar5 <= uVar4) {
        uVar5 = 0xffffffffffffffff;
      }
      lVar3 = FUN_180321970(uVar5);
      if (lVar3 == 0) goto LAB_180050dc3;
      _Dst_00 = (void *)(lVar3 + 0x27U & 0xffffffffffffffe0);
      *(longlong *)((longlong)_Dst_00 - 8) = lVar3;
    }
    param_1[2] = param_3;
    param_1[3] = uVar6;
    memcpy(_Dst_00,param_2,param_3);
    *(undefined1 *)((longlong)_Dst_00 + param_3) = 0;
    if (0xf < uVar1) {
      pvVar2 = (void *)*param_1;
      _Memory = pvVar2;
      if ((0xfff < uVar1 + 1) &&
         (_Memory = *(void **)((longlong)pvVar2 + -8),
         0x1f < (ulonglong)((longlong)pvVar2 + (-8 - (longlong)_Memory)))) {
LAB_180050dc3:
                    /* WARNING: Subroutine does not return */
        _invalid_parameter_noinfo_noreturn();
      }
      free(_Memory);
    }
    *param_1 = (longlong)_Dst_00;
  }
  else {
    _Dst = param_1;
    if (0xf < uVar1) {
      _Dst = (longlong *)*param_1;
    }
    param_1[2] = param_3;
    memmove(_Dst,param_2,param_3);
    *(undefined1 *)((longlong)_Dst + param_3) = 0;
  }
  return param_1;
}

 (GhidraScript)  
INFO  DecompileBddFmt.java> 

===== CALLEE __security_check_cookie @ 180321620 ===== (GhidraScript)  
INFO  DecompileBddFmt.java> 
/* WARNING: This is an inlined function */
/* Library Function - Single Match
    __security_check_cookie
   
   Libraries: Visual Studio 2015, Visual Studio 2017, Visual Studio 2019 */

void __cdecl __security_check_cookie(uintptr_t _StackCookie)

{
  if ((_StackCookie == DAT_18045bc88) && ((short)(_StackCookie >> 0x30) == 0)) {
    return;
  }
                    /* WARNING: Subroutine does not return */
  __report_gsfailure(_StackCookie);
}

 (GhidraScript)  
INFO  REPORT: Save succeeded for processed file: /xlua.dll (HeadlessAnalyzer)  
